[0m17:17:11.198020 [debug] [MainThread]: Sending event: {'category': 'dbt', 'action': 'invocation', 'label': 'start', 'context': [<snowplow_tracker.self_describing_json.SelfDescribingJson object at 0x74499a5b9c40>, <snowplow_tracker.self_describing_json.SelfDescribingJson object at 0x744999ff96d0>, <snowplow_tracker.self_describing_json.SelfDescribingJson object at 0x744999d44380>]}


============================== 17:17:11.200925 | 6962ff97-62b1-4a7a-9bbb-22b67b18466e ==============================
[0m17:17:11.200925 [info ] [MainThread]: Running with dbt=1.12.1
[0m17:17:11.201526 [debug] [MainThread]: running dbt with arguments {'static_parser': 'True', 'version_check': 'True', 'no_print': 'None', 'printer_width': '80', 'log_format': 'default', 'target_path': 'None', 'partial_parse': 'True', 'use_experimental_parser': 'False', 'write_json': 'True', 'cache_selected_only': 'False', 'fail_fast': 'False', 'send_anonymous_usage_stats': 'True', 'profiles_dir': '/home/eman/.dbt', 'invocation_command': 'dbt init olist_dbt', 'debug': 'False', 'log_path': 'logs', 'use_colors': 'True', 'quiet': 'False', 'indirect_selection': 'eager', 'maximum_seed_size_mib': '1', 'empty': 'None', 'warn_error_options': 'WarnErrorOptionsV2(error=[], warn=[], silence=[])', 'log_cache_events': 'False', 'hints_enabled': 'True', 'warn_error': 'None', 'introspect': 'True'}
[0m17:17:11.212335 [info ] [MainThread]: Creating dbt configuration folder at /home/eman/.dbt
[0m17:17:11.214524 [debug] [MainThread]: Starter project path: /home/eman/repos/bigquery-pipeline/.venv/lib/python3.12/site-packages/dbt/include/starter_project
[0m17:17:11.220957 [info ] [MainThread]: Setting up your profile.
[0m17:26:26.516176 [info ] [MainThread]: Profile olist_dbt written to /home/eman/.dbt/profiles.yml using target's profile_template.yml and your supplied values.
[0m17:26:26.519356 [info ] [MainThread]: Running dbt debug to validate the project...
[0m17:26:26.519936 [info ] [MainThread]: dbt version: 1.12.1
[0m17:26:26.520290 [info ] [MainThread]: python version: 3.12.3
[0m17:26:26.520623 [info ] [MainThread]: python path: /home/eman/repos/bigquery-pipeline/.venv/bin/python3
[0m17:26:26.521073 [info ] [MainThread]: os info: Linux-6.18.33.2-microsoft-standard-WSL2-x86_64-with-glibc2.39
[0m17:26:26.576018 [info ] [MainThread]: Using profiles dir at /home/eman/.dbt
[0m17:26:26.576557 [info ] [MainThread]: Using profiles.yml file at /home/eman/.dbt/profiles.yml
[0m17:26:26.576901 [info ] [MainThread]: Using dbt_project.yml file at /home/eman/repos/bigquery-pipeline/olist_dbt/dbt_project.yml
[0m17:26:26.577232 [info ] [MainThread]: adapter type: bigquery
[0m17:26:26.577521 [info ] [MainThread]: adapter version: 1.12.0
[0m17:26:26.666898 [info ] [MainThread]: Configuration:
[0m17:26:26.667383 [info ] [MainThread]:   profiles.yml file [[32mOK found and valid[0m]
[0m17:26:26.667675 [info ] [MainThread]:   dbt_project.yml file [[32mOK found and valid[0m]
[0m17:26:26.667969 [info ] [MainThread]: Required dependencies:
[0m17:26:26.668281 [debug] [MainThread]: Executing "git --help"
[0m17:26:26.670573 [debug] [MainThread]: STDOUT: "b"usage: git [-v | --version] [-h | --help] [-C <path>] [-c <name>=<value>]\n           [--exec-path[=<path>]] [--html-path] [--man-path] [--info-path]\n           [-p | --paginate | -P | --no-pager] [--no-replace-objects] [--bare]\n           [--git-dir=<path>] [--work-tree=<path>] [--namespace=<name>]\n           [--config-env=<name>=<envvar>] <command> [<args>]\n\nThese are common Git commands used in various situations:\n\nstart a working area (see also: git help tutorial)\n   clone     Clone a repository into a new directory\n   init      Create an empty Git repository or reinitialize an existing one\n\nwork on the current change (see also: git help everyday)\n   add       Add file contents to the index\n   mv        Move or rename a file, a directory, or a symlink\n   restore   Restore working tree files\n   rm        Remove files from the working tree and from the index\n\nexamine the history and state (see also: git help revisions)\n   bisect    Use binary search to find the commit that introduced a bug\n   diff      Show changes between commits, commit and working tree, etc\n   grep      Print lines matching a pattern\n   log       Show commit logs\n   show      Show various types of objects\n   status    Show the working tree status\n\ngrow, mark and tweak your common history\n   branch    List, create, or delete branches\n   commit    Record changes to the repository\n   merge     Join two or more development histories together\n   rebase    Reapply commits on top of another base tip\n   reset     Reset current HEAD to the specified state\n   switch    Switch branches\n   tag       Create, list, delete or verify a tag object signed with GPG\n\ncollaborate (see also: git help workflows)\n   fetch     Download objects and refs from another repository\n   pull      Fetch from and integrate with another repository or a local branch\n   push      Update remote refs along with associated objects\n\n'git help -a' and 'git help -g' list available subcommands and some\nconcept guides. See 'git help <command>' or 'git help <concept>'\nto read about a specific subcommand or concept.\nSee 'git help git' for an overview of the system.\n""
[0m17:26:26.670937 [debug] [MainThread]: STDERR: "b''"
[0m17:26:26.671250 [info ] [MainThread]:  - git [[32mOK found[0m]

[0m17:26:26.671537 [info ] [MainThread]: Connection:
[0m17:26:26.671843 [info ] [MainThread]:   method: service-account
[0m17:26:26.672119 [info ] [MainThread]:   database: bigquery-data-pipeline-504708
[0m17:26:26.672426 [info ] [MainThread]:   execution_project: bigquery-data-pipeline-504708
[0m17:26:26.672690 [info ] [MainThread]:   schema: dbt_sales
[0m17:26:26.672952 [info ] [MainThread]:   location: US
[0m17:26:26.673208 [info ] [MainThread]:   priority: interactive
[0m17:26:26.673467 [info ] [MainThread]:   maximum_bytes_billed: None
[0m17:26:26.673752 [info ] [MainThread]:   reservation: None
[0m17:26:26.674037 [info ] [MainThread]:   impersonate_service_account: None
[0m17:26:26.674328 [info ] [MainThread]:   job_retry_deadline_seconds: None
[0m17:26:26.674597 [info ] [MainThread]:   job_retries: 1
[0m17:26:26.674891 [info ] [MainThread]:   job_creation_timeout_seconds: None
[0m17:26:26.675289 [info ] [MainThread]:   job_execution_timeout_seconds: 300
[0m17:26:26.675581 [info ] [MainThread]:   job_link_info_level_log: False
[0m17:26:26.675845 [info ] [MainThread]:   timeout_seconds: 300
[0m17:26:26.676117 [info ] [MainThread]:   client_id: None
[0m17:26:26.676406 [info ] [MainThread]:   token_uri: None
[0m17:26:26.676668 [info ] [MainThread]:   compute_region: None
[0m17:26:26.676925 [info ] [MainThread]:   dataproc_cluster_name: None
[0m17:26:26.677183 [info ] [MainThread]:   gcs_bucket: None
[0m17:26:26.677547 [info ] [MainThread]:   dataproc_batch: None
[0m17:26:26.678099 [info ] [MainThread]: Registered adapter: bigquery=1.12.0
[0m17:26:26.808828 [debug] [MainThread]: Acquiring new bigquery connection 'debug'
[0m17:26:26.809273 [debug] [MainThread]: On debug: select 1 as id
[0m17:26:26.809667 [debug] [MainThread]: Opening a new connection, currently in state init
[0m17:26:28.846978 [debug] [MainThread]: BigQuery adapter: https://console.cloud.google.com/bigquery?project=bigquery-data-pipeline-504708&j=bq:US:608890fe-1795-475c-ab00-7432bea19a13&page=queryresults
[0m17:26:29.307834 [debug] [MainThread]: SQL status: OK in 0.460 seconds
[0m17:26:29.749852 [info ] [MainThread]:   Connection test: [[32mOK connection ok[0m]

[0m17:26:29.750423 [info ] [MainThread]: [32mAll checks passed![0m
[0m17:26:29.750916 [info ] [MainThread]: Your new dbt project "olist_dbt" was created!
Initialized new project in /home/eman/repos/bigquery-pipeline/olist_dbt/olist_dbt

For more information on how to configure the profiles.yml file,
please consult the dbt documentation here:

  https://docs.getdbt.com/docs/configure-your-profile

One more thing:

Need help? Don't hesitate to reach out to us via GitHub issues or on Slack:

  https://community.getdbt.com/

Happy modeling!

[0m17:26:29.751662 [debug] [MainThread]: Resource report: {"command_name": "init", "command_success": true, "command_wall_clock_time": 579.74384, "process_in_blocks": "37840", "process_kernel_time": 0.376138, "process_mem_max_rss": "222832", "process_out_blocks": "96", "process_user_time": 3.176911}
[0m17:26:29.752156 [debug] [MainThread]: Command `dbt init` succeeded at 17:26:29.752051 after 579.74 seconds
[0m17:26:29.752541 [debug] [MainThread]: Connection 'debug' was properly closed.
[0m17:26:29.752910 [debug] [MainThread]: Sending event: {'category': 'dbt', 'action': 'invocation', 'label': 'end', 'context': [<snowplow_tracker.self_describing_json.SelfDescribingJson object at 0x7449992c6450>, <snowplow_tracker.self_describing_json.SelfDescribingJson object at 0x74499d96afc0>, <snowplow_tracker.self_describing_json.SelfDescribingJson object at 0x74499ace29c0>]}
[0m17:26:29.753317 [debug] [MainThread]: Flushing usage events
[0m17:26:33.848308 [debug] [MainThread]: An error was encountered while trying to flush usage events
